// Jest Snapshot v1, https://goo.gl/fbAQLP

exports[`PostListComponent should match snapshot 1`] = `
<div
  id="root0"
>
  <div
    class="grid grid-cols-4 gap-4 pt-2"
  >
    
    <mat-card
      class="mat-card mat-focus-indicator _mat-animation-noopable"
    >
      <mat-card-title
        class="truncate text-pink-700 mat-card-title"
      >
         title 
      </mat-card-title>
      <mat-divider
        aria-orientation="horizontal"
        class="mat-divider mat-divider-horizontal"
        role="separator"
      />
      <mat-card-content
        class="h-48 py-2 mat-card-content"
      >
         body 
      </mat-card-content>
      <mat-divider
        aria-orientation="horizontal"
        class="mat-divider mat-divider-horizontal"
        role="separator"
      />
      <mat-card-actions
        align="end"
        class="mat-card-actions mat-card-actions-align-end"
      >
        <button
          class="focus:outline-none"
          color="primary"
          mat-button=""
        >
           Add to collections 
        </button>
      </mat-card-actions>
    </mat-card>
  </div>
</div>
`;
