// Jest Snapshot v1, https://goo.gl/fbAQLP

exports[`NavbarComponent should match snapshot 1`] = `
<div
  id="root0"
>
  
  
  <div
    class="flex py-3 px-8 justify-between items-center bg-gray-800 shadow-sm fixed w-full top-0 z-10"
  >
    <section
      class="flex items-center"
    >
      <span
        class="text-pink-600 flex items-center justify-center text-xl font-semibold"
      />
    </section>
    <section
      class="flex justify-center items-center"
    >
      <button
        class="mr-4 focus:outline-none flex items-center"
      >
        <mat-icon
          aria-hidden="true"
          class="mat-icon notranslate mat-icon-no-color"
          data-mat-icon-name="add"
          data-mat-icon-type="svg"
          role="img"
          svgicon="add"
        >
          <svg
            class="fake-testing-svg"
            fit=""
            focusable="false"
            height="100%"
            preserveAspectRatio="xMidYMid meet"
            width="100%"
          />
        </mat-icon>
      </button>
      <button
        cdkoverlayorigin=""
        class="focus:outline-none flex items-center"
      >
        <span
          class="h-8 w-8 rounded-full text-pink-700 bg-white border-2 border-gray-400 flex items-center justify-center text-xs"
          data-testid="avatar"
        >
           TE 
        </span>
      </button>
    </section>
  </div>
  
  
</div>
`;
